../Core/Src/main.c:98:7:Knob_Rotation_Percent	16	static
../Core/Src/main.c:108:6:HAL_TIM_IC_CaptureCallback	16	static
../Core/Src/main.c:130:5:main	8	static
../Core/Src/main.c:256:6:SystemClock_Config	88	static
../Core/Src/main.c:294:13:CAN_Config	48	static
../Core/Src/main.c:321:6:HAL_CAN_RxFifo0MsgPendingCallback	16	static
../Core/Src/main.c:336:6:Steering_Servo_Control	32	static
../Core/Src/main.c:380:6:Drive_Motor_Control	16	static
../Core/Src/main.c:389:6:Drive_Motor_Start	24	static
../Core/Src/main.c:409:6:Error_Handler	4	static,ignoring_inline_asm
