../Core/Src/ADXL.c:42:13:writeRegister	16	static
../Core/Src/ADXL.c:65:13:readRegister	16	static
../Core/Src/ADXL.c:122:13:adxlBW	24	static
../Core/Src/ADXL.c:170:13:adxlFormat	24	static
../Core/Src/ADXL.c:182:12:ADXL_Init	24	static
../Core/Src/ADXL.c:239:6:ADXL_getAccel	32	static
../Core/Src/ADXL.c:268:6:ADXL_Measure	24	static
../Core/Src/ADXL.c:292:6:ADXL_Sleep	24	static
../Core/Src/ADXL.c:316:6:ADXL_Standby	24	static
../Core/Src/ADXL.c:341:6:ADXL_test	16	static
../Core/Src/ADXL.c:352:6:ADXL_enableSelfTest	16	static
../Core/Src/ADXL.c:364:6:ADXL_disableSelfTest	16	static
../Core/Src/ADXL.c:379:6:ADXL_SetOffset	16	static
../Core/Src/ADXL.c:398:6:ADXL_enableSingleTap	32	static
../Core/Src/ADXL.c:430:6:ADXL_disableSingleTap	16	static
../Core/Src/ADXL.c:451:6:ADXL_enableDoubleTap	32	static
../Core/Src/ADXL.c:484:6:ADXL_disableDoubleTap	16	static
../Core/Src/ADXL.c:500:6:ADXL_enableActivity	32	static
../Core/Src/ADXL.c:534:6:ADXL_disableActivity	16	static
../Core/Src/ADXL.c:558:6:ADXL_enableFreeFall	24	static
../Core/Src/ADXL.c:580:6:ADXL_disableFreeFall	16	static
../Core/Src/ADXL.c:594:6:ADXL_IntProto	16	static
